2026-07-13 19:10:30,089 - SmartShopAPI - INFO - Browser client connected to real-time events.
2026-07-13 19:10:30,095 - SmartShopAPI - INFO - Browser client disconnected.
2026-07-13 19:10:30,110 - SmartShopAPI - INFO - Browser client connected to real-time events.
2026-07-13 19:10:30,416 - SmartShopAPI - INFO - Browser client connected to real-time events.
2026-07-13 19:10:30,419 - SmartShopAPI - INFO - Browser client disconnected.
2026-07-13 19:10:30,426 - SmartShopAPI - INFO - Browser client connected to real-time events.
2026-07-13 19:10:33,091 - SmartShopAPI - INFO - Browser client connected to real-time events.
2026-07-13 19:10:33,257 - SmartShopAPI - INFO - Browser client connected to real-time events.
2026-07-13 19:14:27,247 - SmartShopAPI - INFO - Browser client connected to real-time events.
2026-07-13 19:14:30,270 - SmartShopAPI - INFO - Browser client connected to real-time events.
2026-07-13 19:21:40,768 - SmartShopAPI - INFO - Browser client disconnected.
2026-07-13 19:21:40,776 - SmartShopAPI - INFO - Browser client connected to real-time events.
2026-07-13 19:21:40,881 - SmartShopAPI - INFO - Browser client disconnected.
2026-07-13 19:21:41,199 - SmartShopAPI - INFO - Browser client connected to real-time events.
2026-07-13 19:21:44,273 - SmartShopAPI - INFO - Browser client connected to real-time events.
2026-07-13 19:21:44,314 - SmartShopAPI - INFO - Browser client connected to real-time events.
2026-07-13 19:22:05,242 - SmartShopAPI - INFO - Browser client disconnected.
2026-07-13 19:22:05,243 - SmartShopAPI - INFO - Browser client disconnected.
2026-07-13 19:22:05,243 - SmartShopAPI - INFO - Browser client disconnected.
2026-07-13 19:22:05,485 - SmartShopAPI - INFO - Browser client connected to real-time events.
2026-07-13 19:22:05,485 - SmartShopAPI - INFO - Browser client disconnected.
2026-07-13 19:22:05,508 - SmartShopAPI - INFO - Browser client connected to real-time events.
2026-07-13 19:22:08,492 - SmartShopAPI - INFO - Browser client connected to real-time events.
2026-07-13 19:28:03,250 - SmartShopAPI - INFO - Browser client connected to real-time events.
2026-07-13 19:28:06,360 - SmartShopAPI - INFO - Browser client connected to real-time events.
2026-07-13 19:28:53,307 - SmartShopAPI - INFO - Browser client connected to real-time events.
2026-07-13 19:28:56,322 - SmartShopAPI - INFO - Browser client connected to real-time events.
2026-07-13 19:29:27,265 - SmartShopAPI - INFO - Browser client disconnected.
2026-07-13 19:29:27,266 - SmartShopAPI - INFO - Browser client disconnected.
2026-07-13 19:29:27,810 - SmartShopAPI - INFO - Browser client connected to real-time events.
2026-07-13 19:29:30,829 - SmartShopAPI - INFO - Browser client connected to real-time events.
2026-07-13 19:32:30,041 - SmartShopAPI - INFO - Browser client disconnected.
2026-07-13 19:32:30,042 - SmartShopAPI - INFO - Browser client disconnected.
2026-07-13 19:32:30,599 - SmartShopAPI - INFO - Browser client connected to real-time events.
2026-07-13 19:32:33,611 - SmartShopAPI - INFO - Browser client connected to real-time events.
2026-07-13 19:33:13,625 - SmartShopAPI - INFO - Browser client disconnected.
2026-07-13 19:37:40,285 - SmartShopAPI - INFO - Browser client disconnected.
2026-07-13 19:37:40,821 - SmartShopAPI - INFO - Browser client connected to real-time events.
2026-07-13 19:37:43,827 - SmartShopAPI - INFO - Browser client connected to real-time events.
2026-07-13 19:41:07,976 - SmartShopAPI - INFO - Browser client disconnected.
2026-07-13 19:41:07,977 - SmartShopAPI - INFO - Browser client disconnected.
2026-07-13 19:41:08,521 - SmartShopAPI - INFO - Browser client connected to real-time events.
2026-07-13 19:41:11,544 - SmartShopAPI - INFO - Browser client connected to real-time events.
2026-07-13 19:50:18,865 - SmartShopAPI - INFO - Browser client disconnected.
2026-07-13 19:50:18,866 - SmartShopAPI - INFO - Browser client disconnected.
2026-07-13 19:50:19,410 - SmartShopAPI - INFO - Browser client connected to real-time events.
2026-07-13 19:50:22,428 - SmartShopAPI - INFO - Browser client connected to real-time events.
2026-07-13 19:51:02,443 - SmartShopAPI - INFO - Browser client disconnected.
2026-07-13 19:51:36,856 - SmartShopAPI - INFO - Browser client disconnected.
2026-07-13 19:51:37,406 - SmartShopAPI - INFO - Browser client connected to real-time events.
2026-07-13 19:51:40,416 - SmartShopAPI - INFO - Browser client connected to real-time events.
2026-07-13 19:52:16,320 - SmartShopAPI - INFO - Browser client disconnected.
2026-07-13 19:52:16,321 - SmartShopAPI - INFO - Browser client disconnected.
2026-07-13 19:52:16,864 - SmartShopAPI - INFO - Browser client connected to real-time events.
2026-07-13 19:52:19,884 - SmartShopAPI - INFO - Browser client connected to real-time events.
2026-07-13 19:53:33,066 - SmartShopAPI - INFO - Browser client disconnected.
2026-07-13 19:53:33,067 - SmartShopAPI - INFO - Browser client disconnected.
2026-07-13 19:53:33,625 - SmartShopAPI - INFO - Browser client connected to real-time events.
2026-07-13 19:53:36,636 - SmartShopAPI - INFO - Browser client connected to real-time events.
2026-07-13 19:53:48,776 - SmartShopAPI - INFO - Browser client disconnected.
2026-07-13 19:53:48,777 - SmartShopAPI - INFO - Browser client disconnected.
2026-07-14 11:10:42,873 - SmartShopAPI - INFO - Browser client connected to real-time events.
2026-07-14 11:10:46,473 - SmartShopAPI - INFO - Browser client connected to real-time events.
2026-07-14 11:16:49,839 - SmartShopAPI - INFO - Browser client disconnected.
2026-07-14 11:16:50,152 - SmartShopAPI - INFO - Browser client connected to real-time events.
2026-07-14 11:16:53,549 - SmartShopAPI - INFO - Browser client connected to real-time events.
2026-07-14 11:17:11,167 - SmartShopAPI - INFO - Browser client disconnected.
2026-07-14 11:17:11,168 - SmartShopAPI - INFO - Browser client disconnected.
2026-07-14 11:17:11,168 - SmartShopAPI - INFO - Browser client disconnected.
2026-07-14 11:17:11,682 - SmartShopAPI - INFO - Browser client connected to real-time events.
2026-07-14 11:17:14,706 - SmartShopAPI - INFO - Browser client connected to real-time events.
2026-07-14 11:18:29,491 - SmartShopAPI - INFO - Browser client disconnected.
2026-07-14 11:18:29,810 - SmartShopAPI - INFO - Browser client connected to real-time events.
2026-07-14 11:18:32,813 - SmartShopAPI - INFO - Browser client connected to real-time events.
2026-07-14 11:20:23,755 - SmartShopAPI - INFO - SMS Queued: ID=SMS-1784008223712, To=9876543111, InitialStatus=Pending
2026-07-14 11:27:50,268 - SmartShopAPI - INFO - Browser client disconnected.
2026-07-14 11:27:50,269 - SmartShopAPI - INFO - Browser client disconnected.
2026-07-14 11:27:50,269 - SmartShopAPI - INFO - Browser client disconnected.
2026-07-14 11:27:50,802 - SmartShopAPI - INFO - Browser client connected to real-time events.
2026-07-14 11:27:53,818 - SmartShopAPI - INFO - Browser client connected to real-time events.
2026-07-14 11:29:33,697 - SmartShopAPI - INFO - Browser client disconnected.
2026-07-14 11:29:33,698 - SmartShopAPI - INFO - Browser client disconnected.
2026-07-14 11:29:34,240 - SmartShopAPI - INFO - Browser client connected to real-time events.
2026-07-14 11:29:37,244 - SmartShopAPI - INFO - Browser client connected to real-time events.
2026-07-14 11:30:36,047 - SmartShopAPI - INFO - Browser client disconnected.
2026-07-14 11:30:36,048 - SmartShopAPI - INFO - Browser client disconnected.
2026-07-14 11:30:36,590 - SmartShopAPI - INFO - Browser client connected to real-time events.
2026-07-14 11:30:37,325 - SmartShopAPI - INFO - Browser client disconnected.
2026-07-14 11:30:37,631 - SmartShopAPI - INFO - Browser client connected to real-time events.
2026-07-14 11:30:39,609 - SmartShopAPI - INFO - Browser client connected to real-time events.
2026-07-14 11:30:40,647 - SmartShopAPI - INFO - Browser client connected to real-time events.
2026-07-14 11:34:48,035 - SmartShopAPI - INFO - Browser client disconnected.
2026-07-14 11:34:48,036 - SmartShopAPI - INFO - Browser client disconnected.
2026-07-14 11:34:48,036 - SmartShopAPI - INFO - Browser client disconnected.
2026-07-14 11:34:48,597 - SmartShopAPI - INFO - Browser client connected to real-time events.
2026-07-14 11:34:51,602 - SmartShopAPI - INFO - Browser client connected to real-time events.
2026-07-14 11:36:06,688 - SmartShopAPI - INFO - Browser client disconnected.
2026-07-14 11:36:06,996 - SmartShopAPI - INFO - Browser client connected to real-time events.
2026-07-14 11:36:10,547 - SmartShopAPI - INFO - Browser client connected to real-time events.
2026-07-14 11:38:26,131 - SmartShopAPI - INFO - Browser client disconnected.
2026-07-14 11:38:26,132 - SmartShopAPI - INFO - Browser client disconnected.
2026-07-14 11:38:26,132 - SmartShopAPI - INFO - Browser client disconnected.
2026-07-14 11:38:26,682 - SmartShopAPI - INFO - Browser client connected to real-time events.
2026-07-14 11:38:29,706 - SmartShopAPI - INFO - Browser client connected to real-time events.
2026-07-14 11:39:53,534 - SmartShopAPI - INFO - Browser client disconnected.
2026-07-14 11:39:53,850 - SmartShopAPI - INFO - Browser client connected to real-time events.
2026-07-14 11:39:57,549 - SmartShopAPI - INFO - Browser client connected to real-time events.
2026-07-14 11:40:13,237 - SmartShopAPI - INFO - Browser client disconnected.
2026-07-14 11:40:13,554 - SmartShopAPI - INFO - Browser client connected to real-time events.
2026-07-14 11:40:17,548 - SmartShopAPI - INFO - Browser client connected to real-time events.
2026-07-14 11:40:17,565 - SmartShopAPI - INFO - Browser client connected to real-time events.
2026-07-14 11:40:35,570 - SmartShopAPI - INFO - Browser client disconnected.
2026-07-14 11:40:35,571 - SmartShopAPI - INFO - Browser client disconnected.
2026-07-14 11:40:35,571 - SmartShopAPI - INFO - Browser client disconnected.
2026-07-14 11:40:35,572 - SmartShopAPI - INFO - Browser client disconnected.
2026-07-14 11:40:35,572 - SmartShopAPI - INFO - Browser client disconnected.
2026-07-14 11:40:36,007 - SmartShopAPI - INFO - Browser client connected to real-time events.
2026-07-14 11:40:39,001 - SmartShopAPI - INFO - Browser client connected to real-time events.
2026-07-14 11:41:23,506 - SmartShopAPI - INFO - Browser client disconnected.
2026-07-14 11:41:23,507 - SmartShopAPI - INFO - Browser client disconnected.
2026-07-14 11:41:24,062 - SmartShopAPI - INFO - Browser client connected to real-time events.
2026-07-14 11:41:27,061 - SmartShopAPI - INFO - Browser client connected to real-time events.
2026-07-14 11:41:27,837 - SmartShopAPI - INFO - Browser client disconnected.
2026-07-14 11:41:27,838 - SmartShopAPI - INFO - Browser client disconnected.
2026-07-14 11:41:28,390 - SmartShopAPI - INFO - Browser client connected to real-time events.
2026-07-14 11:41:31,544 - SmartShopAPI - INFO - Browser client connected to real-time events.
2026-07-14 11:41:47,505 - SmartShopAPI - INFO - Browser client disconnected.
2026-07-14 11:41:47,819 - SmartShopAPI - INFO - Browser client connected to real-time events.
2026-07-14 11:41:50,829 - SmartShopAPI - INFO - Browser client connected to real-time events.
2026-07-14 11:41:53,570 - SmartShopAPI - INFO - Browser client disconnected.
2026-07-14 11:41:53,571 - SmartShopAPI - INFO - Browser client disconnected.
2026-07-14 11:41:53,571 - SmartShopAPI - INFO - Browser client disconnected.
2026-07-14 11:41:54,054 - SmartShopAPI - INFO - Browser client connected to real-time events.
2026-07-14 11:41:57,551 - SmartShopAPI - INFO - Browser client connected to real-time events.
2026-07-14 11:47:47,571 - SmartShopAPI - INFO - Browser client disconnected.
2026-07-14 11:47:47,571 - SmartShopAPI - INFO - Browser client disconnected.
2026-07-14 11:47:48,103 - SmartShopAPI - INFO - Browser client connected to real-time events.
2026-07-14 11:47:51,136 - SmartShopAPI - INFO - Browser client connected to real-time events.
2026-07-14 11:49:07,385 - SmartShopAPI - INFO - Browser client disconnected.
2026-07-14 11:49:07,741 - SmartShopAPI - INFO - Browser client connected to real-time events.
2026-07-14 11:49:09,951 - SmartShopAPI - INFO - Browser client disconnected.
2026-07-14 11:49:09,955 - SmartShopAPI - INFO - Browser client disconnected.
2026-07-14 11:49:10,520 - SmartShopAPI - INFO - Browser client connected to real-time events.
2026-07-14 11:49:11,019 - SmartShopAPI - INFO - Browser client disconnected.
2026-07-14 11:49:11,568 - SmartShopAPI - INFO - Browser client connected to real-time events.
2026-07-14 11:49:11,934 - SmartShopAPI - INFO - Browser client disconnected.
2026-07-14 11:49:12,491 - SmartShopAPI - INFO - Browser client connected to real-time events.
2026-07-14 11:49:12,820 - SmartShopAPI - INFO - Browser client disconnected.
2026-07-14 11:49:13,379 - SmartShopAPI - INFO - Browser client connected to real-time events.
2026-07-14 11:49:16,544 - SmartShopAPI - INFO - Browser client connected to real-time events.
2026-07-14 11:50:22,645 - SmartShopAPI - INFO - Browser client disconnected.
2026-07-14 11:50:22,646 - SmartShopAPI - INFO - Browser client disconnected.
2026-07-14 11:50:23,193 - SmartShopAPI - INFO - Browser client connected to real-time events.
2026-07-14 11:50:26,218 - SmartShopAPI - INFO - Browser client connected to real-time events.
2026-07-14 11:51:19,208 - SmartShopAPI - INFO - Browser client disconnected.
2026-07-14 11:51:22,402 - SmartShopAPI - INFO - Browser client disconnected.
2026-07-14 11:51:22,947 - SmartShopAPI - INFO - Browser client connected to real-time events.
2026-07-14 11:51:23,981 - SmartShopAPI - INFO - Browser client disconnected.
2026-07-14 11:51:25,957 - SmartShopAPI - INFO - Browser client connected to real-time events.
2026-07-14 11:51:27,303 - SmartShopAPI - INFO - Browser client connected to real-time events.
2026-07-14 11:51:28,642 - SmartShopAPI - INFO - Browser client connected to real-time events.
2026-07-14 11:51:31,654 - SmartShopAPI - INFO - Browser client connected to real-time events.
2026-07-14 11:52:24,919 - SmartShopAPI - INFO - Browser client disconnected.
2026-07-14 11:52:24,920 - SmartShopAPI - INFO - Browser client disconnected.
2026-07-14 11:52:25,468 - SmartShopAPI - INFO - Browser client connected to real-time events.
2026-07-14 11:52:28,496 - SmartShopAPI - INFO - Browser client connected to real-time events.
2026-07-14 11:52:28,558 - SmartShopAPI - INFO - Browser client disconnected.
2026-07-14 11:52:31,890 - SmartShopAPI - INFO - Browser client connected to real-time events.
2026-07-14 11:52:50,528 - SmartShopAPI - INFO - Browser client connected to real-time events.
2026-07-14 11:52:52,525 - SmartShopAPI - INFO - Browser client connected to real-time events.
2026-07-14 11:53:04,761 - SmartShopAPI - INFO - Browser client disconnected.
2026-07-14 11:53:04,762 - SmartShopAPI - INFO - Browser client disconnected.
2026-07-14 11:53:05,304 - SmartShopAPI - INFO - Browser client connected to real-time events.
2026-07-14 11:53:05,580 - SmartShopAPI - INFO - Browser client disconnected.
2026-07-14 11:53:06,137 - SmartShopAPI - INFO - Browser client connected to real-time events.
2026-07-14 11:53:09,141 - SmartShopAPI - INFO - Browser client connected to real-time events.
2026-07-14 11:54:19,547 - SmartShopAPI - INFO - Browser client disconnected.
2026-07-14 11:54:19,548 - SmartShopAPI - INFO - Browser client disconnected.
2026-07-14 11:54:20,097 - SmartShopAPI - INFO - Browser client connected to real-time events.
2026-07-14 11:54:23,116 - SmartShopAPI - INFO - Browser client connected to real-time events.
2026-07-14 11:54:39,122 - SmartShopAPI - INFO - Browser client disconnected.
2026-07-14 11:54:39,428 - SmartShopAPI - INFO - Browser client connected to real-time events.
2026-07-14 11:54:42,440 - SmartShopAPI - INFO - Browser client connected to real-time events.
2026-07-14 11:54:44,011 - SmartShopAPI - INFO - Browser client disconnected.
2026-07-14 11:54:44,012 - SmartShopAPI - INFO - Browser client disconnected.
2026-07-14 11:54:44,012 - SmartShopAPI - INFO - Browser client disconnected.
2026-07-14 11:54:44,568 - SmartShopAPI - INFO - Browser client connected to real-time events.
2026-07-14 11:54:46,713 - SmartShopAPI - INFO - Browser client disconnected.
2026-07-14 11:54:47,271 - SmartShopAPI - INFO - Browser client connected to real-time events.
2026-07-14 11:54:50,530 - SmartShopAPI - INFO - Browser client connected to real-time events.
2026-07-14 11:57:03,847 - SmartShopAPI - INFO - Browser client disconnected.
2026-07-14 11:57:03,848 - SmartShopAPI - INFO - Browser client disconnected.
2026-07-14 11:57:04,390 - SmartShopAPI - INFO - Browser client connected to real-time events.
2026-07-14 11:57:07,391 - SmartShopAPI - INFO - Browser client connected to real-time events.
2026-07-14 11:57:09,794 - SmartShopAPI - INFO - Browser client disconnected.
2026-07-14 11:57:09,794 - SmartShopAPI - INFO - Browser client disconnected.
2026-07-14 11:57:10,344 - SmartShopAPI - INFO - Browser client connected to real-time events.
2026-07-14 11:57:13,355 - SmartShopAPI - INFO - Browser client connected to real-time events.
2026-07-14 11:57:25,215 - SmartShopAPI - INFO - Browser client disconnected.
2026-07-14 11:57:25,534 - SmartShopAPI - INFO - Browser client connected to real-time events.
2026-07-14 11:57:29,541 - SmartShopAPI - INFO - Browser client connected to real-time events.
2026-07-14 11:57:29,556 - SmartShopAPI - INFO - Browser client connected to real-time events.
2026-07-14 11:57:44,535 - SmartShopAPI - INFO - Browser client disconnected.
2026-07-14 11:57:44,844 - SmartShopAPI - INFO - Browser client connected to real-time events.
2026-07-14 11:57:48,525 - SmartShopAPI - INFO - Browser client connected to real-time events.
2026-07-14 11:58:08,531 - SmartShopAPI - INFO - Browser client disconnected.
2026-07-14 11:58:08,532 - SmartShopAPI - INFO - Browser client disconnected.
2026-07-14 11:58:08,532 - SmartShopAPI - INFO - Browser client disconnected.
2026-07-14 11:58:08,533 - SmartShopAPI - INFO - Browser client disconnected.
2026-07-14 11:58:08,533 - SmartShopAPI - INFO - Browser client disconnected.
2026-07-14 11:58:09,026 - SmartShopAPI - INFO - Browser client connected to real-time events.
2026-07-14 11:58:12,029 - SmartShopAPI - INFO - Browser client connected to real-time events.
2026-07-14 11:58:49,226 - SmartShopAPI - INFO - Browser client disconnected.
2026-07-14 11:58:49,545 - SmartShopAPI - INFO - Browser client connected to real-time events.
2026-07-14 11:58:53,523 - SmartShopAPI - INFO - Browser client connected to real-time events.
2026-07-14 12:00:38,526 - SmartShopAPI - INFO - Browser client connected to real-time events.
2026-07-14 12:00:38,540 - SmartShopAPI - INFO - Browser client connected to real-time events.
2026-07-14 12:00:38,557 - SmartShopAPI - INFO - Browser client connected to real-time events.
2026-07-14 12:00:48,184 - SmartShopAPI - INFO - Starting scheduled daily automated loan reminders scan...
2026-07-14 12:00:48,196 - SmartShopAPI - INFO - Daily automated scan finished. Queued 0 reminders.
2026-07-14 12:01:58,215 - SmartShopAPI - INFO - Browser client disconnected.
2026-07-14 12:01:58,543 - SmartShopAPI - INFO - Browser client connected to real-time events.
2026-07-14 12:02:02,537 - SmartShopAPI - INFO - Browser client connected to real-time events.
2026-07-14 12:02:02,552 - SmartShopAPI - INFO - Browser client connected to real-time events.
2026-07-14 12:02:07,579 - SmartShopAPI - INFO - Browser client disconnected.
2026-07-14 12:02:07,893 - SmartShopAPI - INFO - Browser client connected to real-time events.
2026-07-14 12:02:10,896 - SmartShopAPI - INFO - Browser client connected to real-time events.
2026-07-14 12:02:10,909 - SmartShopAPI - INFO - Browser client connected to real-time events.
2026-07-14 12:02:19,028 - SmartShopAPI - INFO - Browser client connected to real-time events.
2026-07-14 12:02:22,031 - SmartShopAPI - INFO - Browser client connected to real-time events.
2026-07-14 12:02:22,131 - SmartShopAPI - INFO - Browser client disconnected.
2026-07-14 12:02:22,132 - SmartShopAPI - INFO - Browser client disconnected.
2026-07-14 12:02:22,565 - SmartShopAPI - INFO - Browser client connected to real-time events.
2026-07-14 12:02:25,565 - SmartShopAPI - INFO - Browser client connected to real-time events.
2026-07-14 12:02:40,034 - SmartShopAPI - INFO - Browser client disconnected.
2026-07-14 12:02:40,034 - SmartShopAPI - INFO - Browser client disconnected.
2026-07-14 12:02:48,869 - SmartShopAPI - INFO - Browser client connected to real-time events.
2026-07-14 12:02:52,521 - SmartShopAPI - INFO - Browser client connected to real-time events.
2026-07-14 12:08:58,008 - SmartShopAPI - INFO - Browser client disconnected.
2026-07-14 12:08:58,010 - SmartShopAPI - INFO - Browser client disconnected.
2026-07-14 12:08:58,012 - SmartShopAPI - INFO - Browser client disconnected.
2026-07-14 12:08:58,013 - SmartShopAPI - INFO - Browser client disconnected.
2026-07-14 12:08:58,014 - SmartShopAPI - INFO - Browser client disconnected.
2026-07-14 12:08:58,015 - SmartShopAPI - INFO - Browser client disconnected.
2026-07-14 12:08:58,016 - SmartShopAPI - INFO - Browser client disconnected.
2026-07-14 12:10:19,351 - SmartShopAPI - INFO - Browser client disconnected.
2026-07-14 12:10:19,352 - SmartShopAPI - INFO - Browser client disconnected.
2026-07-14 12:10:19,892 - SmartShopAPI - INFO - Browser client connected to real-time events.
2026-07-14 12:10:21,274 - SmartShopAPI - INFO - Browser client disconnected.
2026-07-14 12:10:21,584 - SmartShopAPI - INFO - Browser client connected to real-time events.
2026-07-14 12:10:22,902 - SmartShopAPI - INFO - Browser client connected to real-time events.
2026-07-14 12:10:23,951 - SmartShopAPI - INFO - Browser client disconnected.
2026-07-14 12:10:23,952 - SmartShopAPI - INFO - Browser client disconnected.
2026-07-14 12:10:24,499 - SmartShopAPI - INFO - Browser client connected to real-time events.
2026-07-14 12:10:27,501 - SmartShopAPI - INFO - Browser client connected to real-time events.
2026-07-14 12:17:16,752 - SmartShopAPI - INFO - Browser client disconnected.
2026-07-14 12:17:16,753 - SmartShopAPI - INFO - Browser client disconnected.
2026-07-14 12:17:17,297 - SmartShopAPI - INFO - Browser client connected to real-time events.
2026-07-14 12:17:20,304 - SmartShopAPI - INFO - Browser client connected to real-time events.
2026-07-14 12:18:34,098 - SmartShopAPI - INFO - Browser client connected to real-time events.
2026-07-14 12:18:37,513 - SmartShopAPI - INFO - Browser client connected to real-time events.
2026-07-14 12:18:43,900 - SmartShopAPI - INFO - Starting scheduled daily automated loan reminders scan...
2026-07-14 12:18:43,913 - SmartShopAPI - INFO - Daily automated scan finished. Queued 0 reminders.
2026-07-14 12:19:06,685 - SmartShopAPI - INFO - Device registered: ID=b8d762cb-350f-44c8-8f16-edfc2dd26cca
2026-07-14 12:19:16,583 - SmartShopAPI - INFO - Device connected to WebSocket: b8d762cb-350f-44c8-8f16-edfc2dd26cca
2026-07-14 12:19:16,604 - SmartShopAPI - INFO - Sent SMS job SMS-1784008223712 to device b8d762cb-350f-44c8-8f16-edfc2dd26cca
2026-07-14 12:19:16,805 - SmartShopAPI - INFO - SMS result received from b8d762cb-350f-44c8-8f16-edfc2dd26cca: ID=SMS-1784008223712, Status=Sent
2026-07-14 12:19:19,449 - SmartShopAPI - INFO - Browser client disconnected.
2026-07-14 12:19:19,450 - SmartShopAPI - INFO - Browser client disconnected.
2026-07-14 12:19:19,986 - SmartShopAPI - INFO - Browser client connected to real-time events.
2026-07-14 12:19:22,999 - SmartShopAPI - INFO - Browser client connected to real-time events.
2026-07-14 12:20:21,789 - SmartShopAPI - INFO - SMS Queued: ID=SMS-1784011821755, To=9963653730, InitialStatus=Queued
2026-07-14 12:20:21,790 - SmartShopAPI - INFO - Sent SMS job SMS-1784011821755 to device b8d762cb-350f-44c8-8f16-edfc2dd26cca
2026-07-14 12:20:21,927 - SmartShopAPI - INFO - SMS result received from b8d762cb-350f-44c8-8f16-edfc2dd26cca: ID=SMS-1784011821755, Status=Sent
2026-07-14 12:20:36,756 - SmartShopAPI - INFO - Device disconnected from WebSocket: b8d762cb-350f-44c8-8f16-edfc2dd26cca
2026-07-14 12:27:16,611 - SmartShopAPI - INFO - Browser client disconnected.
2026-07-14 12:27:16,920 - SmartShopAPI - INFO - Browser client connected to real-time events.
2026-07-14 12:27:20,504 - SmartShopAPI - INFO - Browser client connected to real-time events.
2026-07-14 12:27:45,894 - SmartShopAPI - INFO - Browser client disconnected.
2026-07-14 12:27:45,895 - SmartShopAPI - INFO - Browser client disconnected.
2026-07-14 12:27:45,896 - SmartShopAPI - INFO - Browser client disconnected.
2026-07-14 12:27:49,218 - SmartShopAPI - INFO - Browser client connected to real-time events.
2026-07-14 12:27:49,406 - SmartShopAPI - INFO - Browser client connected to real-time events.
2026-07-14 12:27:49,587 - SmartShopAPI - INFO - Browser client connected to real-time events.
2026-07-14 12:28:55,882 - SmartShopAPI - INFO - Browser client disconnected.
2026-07-14 12:28:55,883 - SmartShopAPI - INFO - Browser client disconnected.
2026-07-14 12:28:55,884 - SmartShopAPI - INFO - Browser client disconnected.
2026-07-14 12:28:57,218 - SmartShopAPI - INFO - Browser client connected to real-time events.
2026-07-14 12:29:00,231 - SmartShopAPI - INFO - Browser client connected to real-time events.
2026-07-14 12:29:24,864 - SmartShopAPI - INFO - Browser client disconnected.
2026-07-14 12:29:24,865 - SmartShopAPI - INFO - Browser client disconnected.
2026-07-14 12:29:26,294 - SmartShopAPI - INFO - Browser client connected to real-time events.
2026-07-14 12:29:29,273 - SmartShopAPI - INFO - Browser client connected to real-time events.
2026-07-14 12:30:11,730 - SmartShopAPI - INFO - Browser client disconnected.
2026-07-14 12:30:11,731 - SmartShopAPI - INFO - Browser client disconnected.
2026-07-14 12:30:13,110 - SmartShopAPI - INFO - Browser client connected to real-time events.
2026-07-14 12:30:16,097 - SmartShopAPI - INFO - Browser client connected to real-time events.
2026-07-14 12:32:29,488 - SmartShopAPI - INFO - Browser client disconnected.
2026-07-14 12:32:29,489 - SmartShopAPI - INFO - Browser client disconnected.
2026-07-14 12:33:15,880 - SmartShopAPI - INFO - Device connected to WebSocket: b8d762cb-350f-44c8-8f16-edfc2dd26cca
2026-07-14 12:33:21,018 - SmartShopAPI - INFO - Device disconnected from WebSocket: b8d762cb-350f-44c8-8f16-edfc2dd26cca
2026-07-14 20:50:13,606 - SmartShopAPI - INFO - Starting scheduled daily automated loan reminders scan...
2026-07-14 20:50:13,640 - SmartShopAPI - INFO - Daily automated scan finished. Queued 0 reminders.
2026-07-14 20:58:31,230 - SmartShopAPI - INFO - Browser client connected to real-time events.
2026-07-14 20:58:35,001 - SmartShopAPI - INFO - Browser client connected to real-time events.
2026-07-14 20:58:42,137 - SmartShopAPI - INFO - Browser client connected to real-time events.
2026-07-14 20:58:43,277 - SmartShopAPI - INFO - Browser client disconnected.
2026-07-14 20:58:43,277 - SmartShopAPI - INFO - Browser client disconnected.
2026-07-14 20:58:45,139 - SmartShopAPI - INFO - Browser client connected to real-time events.
2026-07-14 21:02:30,150 - SmartShopAPI - INFO - Browser client disconnected.
2026-07-14 21:02:30,151 - SmartShopAPI - INFO - Browser client disconnected.
2026-07-14 21:02:30,729 - SmartShopAPI - INFO - Browser client connected to real-time events.
2026-07-14 21:02:33,741 - SmartShopAPI - INFO - Browser client connected to real-time events.
2026-07-14 21:03:22,381 - SmartShopAPI - INFO - Browser client disconnected.
2026-07-14 21:03:22,381 - SmartShopAPI - INFO - Browser client disconnected.
2026-07-14 21:03:22,921 - SmartShopAPI - INFO - Browser client connected to real-time events.
2026-07-14 21:03:25,921 - SmartShopAPI - INFO - Browser client connected to real-time events.
2026-07-14 21:07:40,980 - SmartShopAPI - INFO - Browser client disconnected.
2026-07-14 21:07:41,288 - SmartShopAPI - INFO - Browser client connected to real-time events.
2026-07-14 21:07:45,001 - SmartShopAPI - INFO - Browser client connected to real-time events.
2026-07-14 21:09:27,407 - SmartShopAPI - INFO - Browser client disconnected.
2026-07-14 21:09:27,407 - SmartShopAPI - INFO - Browser client disconnected.
2026-07-14 21:09:27,408 - SmartShopAPI - INFO - Browser client disconnected.
2026-07-14 21:09:28,025 - SmartShopAPI - INFO - Browser client connected to real-time events.
2026-07-14 21:09:31,017 - SmartShopAPI - INFO - Browser client connected to real-time events.
2026-07-14 21:12:28,924 - SmartShopAPI - INFO - Browser client disconnected.
2026-07-14 21:12:29,239 - SmartShopAPI - INFO - Browser client connected to real-time events.
2026-07-14 21:12:32,994 - SmartShopAPI - INFO - Browser client connected to real-time events.
2026-07-14 21:12:35,929 - SmartShopAPI - INFO - Browser client disconnected.
2026-07-14 21:12:35,931 - SmartShopAPI - INFO - Browser client disconnected.
2026-07-14 21:12:35,931 - SmartShopAPI - INFO - Browser client disconnected.
2026-07-14 21:12:36,495 - SmartShopAPI - INFO - Browser client connected to real-time events.
2026-07-14 21:12:37,253 - SmartShopAPI - INFO - Browser client disconnected.
2026-07-14 21:12:38,279 - SmartShopAPI - INFO - Browser client connected to real-time events.
2026-07-14 21:12:39,335 - SmartShopAPI - INFO - Browser client disconnected.
2026-07-14 21:12:41,608 - SmartShopAPI - INFO - Browser client connected to real-time events.
2026-07-14 21:12:44,998 - SmartShopAPI - INFO - Browser client connected to real-time events.
2026-07-14 21:13:14,357 - SmartShopAPI - INFO - Browser client disconnected.
2026-07-14 21:13:14,676 - SmartShopAPI - INFO - Browser client connected to real-time events.
2026-07-14 21:13:18,001 - SmartShopAPI - INFO - Browser client connected to real-time events.
2026-07-14 21:13:24,705 - SmartShopAPI - INFO - Browser client disconnected.
2026-07-14 21:13:24,706 - SmartShopAPI - INFO - Browser client disconnected.
2026-07-14 21:13:24,706 - SmartShopAPI - INFO - Browser client disconnected.
2026-07-14 21:13:25,267 - SmartShopAPI - INFO - Browser client connected to real-time events.
2026-07-14 21:13:28,282 - SmartShopAPI - INFO - Browser client connected to real-time events.
2026-07-14 21:13:43,971 - SmartShopAPI - INFO - Browser client disconnected.
2026-07-14 21:13:43,972 - SmartShopAPI - INFO - Browser client disconnected.
2026-07-14 21:13:44,541 - SmartShopAPI - INFO - Browser client connected to real-time events.
2026-07-14 21:13:44,996 - SmartShopAPI - INFO - Browser client disconnected.
2026-07-14 21:13:45,549 - SmartShopAPI - INFO - Browser client connected to real-time events.
2026-07-14 21:13:48,548 - SmartShopAPI - INFO - Browser client connected to real-time events.
2026-07-14 21:14:04,196 - SmartShopAPI - INFO - Browser client disconnected.
2026-07-14 21:14:04,197 - SmartShopAPI - INFO - Browser client disconnected.
2026-07-14 21:14:04,762 - SmartShopAPI - INFO - Browser client connected to real-time events.
2026-07-14 21:14:07,768 - SmartShopAPI - INFO - Browser client connected to real-time events.
2026-07-14 21:17:10,309 - SmartShopAPI - INFO - Browser client disconnected.
2026-07-14 21:17:10,621 - SmartShopAPI - INFO - Browser client connected to real-time events.
2026-07-14 21:17:14,008 - SmartShopAPI - INFO - Browser client connected to real-time events.
2026-07-14 21:17:19,653 - SmartShopAPI - INFO - Browser client disconnected.
2026-07-14 21:17:19,654 - SmartShopAPI - INFO - Browser client disconnected.
2026-07-14 21:17:19,655 - SmartShopAPI - INFO - Browser client disconnected.
2026-07-14 21:17:20,225 - SmartShopAPI - INFO - Browser client connected to real-time events.
2026-07-14 21:17:23,213 - SmartShopAPI - INFO - Browser client connected to real-time events.
2026-07-14 21:18:10,039 - SmartShopAPI - INFO - Browser client disconnected.
2026-07-14 21:18:10,040 - SmartShopAPI - INFO - Browser client disconnected.
2026-07-14 21:18:40,878 - SmartShopAPI - INFO - Browser client connected to real-time events.
2026-07-14 21:18:43,995 - SmartShopAPI - INFO - Browser client connected to real-time events.
2026-07-14 21:23:23,234 - SmartShopAPI - INFO - Browser client disconnected.
2026-07-14 21:23:23,235 - SmartShopAPI - INFO - Browser client disconnected.
2026-07-14 21:23:23,789 - SmartShopAPI - INFO - Browser client connected to real-time events.
2026-07-14 21:23:26,781 - SmartShopAPI - INFO - Browser client connected to real-time events.
2026-07-14 21:23:53,809 - SmartShopAPI - INFO - Browser client disconnected.
2026-07-14 21:23:53,809 - SmartShopAPI - INFO - Browser client disconnected.
2026-07-14 21:23:54,366 - SmartShopAPI - INFO - Browser client connected to real-time events.
2026-07-14 21:23:57,365 - SmartShopAPI - INFO - Browser client connected to real-time events.
2026-07-14 21:24:11,037 - SmartShopAPI - INFO - Browser client disconnected.
2026-07-14 21:24:11,037 - SmartShopAPI - INFO - Browser client disconnected.
2026-07-14 21:24:11,601 - SmartShopAPI - INFO - Browser client connected to real-time events.
2026-07-14 21:24:14,608 - SmartShopAPI - INFO - Browser client connected to real-time events.
2026-07-14 21:24:30,994 - SmartShopAPI - INFO - Browser client disconnected.
2026-07-14 21:24:30,995 - SmartShopAPI - INFO - Browser client disconnected.
2026-07-14 21:24:31,553 - SmartShopAPI - INFO - Browser client connected to real-time events.
2026-07-14 21:24:34,549 - SmartShopAPI - INFO - Browser client connected to real-time events.
2026-07-14 21:26:35,097 - SmartShopAPI - INFO - Browser client disconnected.
2026-07-14 21:26:35,097 - SmartShopAPI - INFO - Browser client disconnected.
2026-07-14 21:26:35,642 - SmartShopAPI - INFO - Browser client connected to real-time events.
2026-07-14 21:26:38,646 - SmartShopAPI - INFO - Browser client connected to real-time events.
2026-07-14 21:28:52,984 - SmartShopAPI - INFO - Browser client disconnected.
2026-07-14 21:28:53,294 - SmartShopAPI - INFO - Browser client connected to real-time events.
2026-07-14 21:28:57,005 - SmartShopAPI - INFO - Browser client connected to real-time events.
2026-07-14 21:29:01,887 - SmartShopAPI - INFO - Browser client disconnected.
2026-07-14 21:29:01,888 - SmartShopAPI - INFO - Browser client disconnected.
2026-07-14 21:29:01,888 - SmartShopAPI - INFO - Browser client disconnected.
2026-07-14 21:29:02,445 - SmartShopAPI - INFO - Browser client connected to real-time events.
2026-07-14 21:29:05,436 - SmartShopAPI - INFO - Browser client connected to real-time events.
2026-07-14 21:32:00,803 - SmartShopAPI - INFO - Browser client disconnected.
2026-07-14 21:32:00,804 - SmartShopAPI - INFO - Browser client disconnected.
2026-07-14 21:32:01,351 - SmartShopAPI - INFO - Browser client connected to real-time events.
2026-07-14 21:32:04,357 - SmartShopAPI - INFO - Browser client connected to real-time events.
2026-07-14 21:36:56,791 - SmartShopAPI - INFO - Browser client disconnected.
2026-07-14 21:36:57,112 - SmartShopAPI - INFO - Browser client connected to real-time events.
2026-07-14 21:37:01,006 - SmartShopAPI - INFO - Browser client connected to real-time events.
2026-07-14 21:37:22,964 - SmartShopAPI - INFO - Browser client disconnected.
2026-07-14 21:37:22,965 - SmartShopAPI - INFO - Browser client disconnected.
2026-07-14 21:37:22,965 - SmartShopAPI - INFO - Browser client disconnected.
2026-07-14 21:37:23,528 - SmartShopAPI - INFO - Browser client connected to real-time events.
2026-07-14 21:37:26,538 - SmartShopAPI - INFO - Browser client connected to real-time events.
2026-07-14 21:37:50,694 - SmartShopAPI - INFO - Browser client disconnected.
2026-07-14 21:37:51,028 - SmartShopAPI - INFO - Browser client connected to real-time events.
2026-07-14 21:37:54,990 - SmartShopAPI - INFO - Browser client connected to real-time events.
2026-07-14 21:37:55,005 - SmartShopAPI - INFO - Browser client connected to real-time events.
2026-07-14 21:38:13,692 - SmartShopAPI - INFO - Browser client disconnected.
2026-07-14 21:38:14,026 - SmartShopAPI - INFO - Browser client connected to real-time events.
2026-07-14 21:38:17,996 - SmartShopAPI - INFO - Browser client connected to real-time events.
2026-07-14 21:38:18,012 - SmartShopAPI - INFO - Browser client connected to real-time events.
2026-07-14 21:38:30,373 - SmartShopAPI - INFO - Browser client disconnected.
2026-07-14 21:38:30,374 - SmartShopAPI - INFO - Browser client disconnected.
2026-07-14 21:38:30,374 - SmartShopAPI - INFO - Browser client disconnected.
2026-07-14 21:38:30,375 - SmartShopAPI - INFO - Browser client disconnected.
2026-07-14 21:38:30,375 - SmartShopAPI - INFO - Browser client disconnected.
2026-07-14 21:38:30,376 - SmartShopAPI - INFO - Browser client disconnected.
2026-07-14 21:38:30,816 - SmartShopAPI - INFO - Browser client connected to real-time events.
2026-07-14 21:38:33,812 - SmartShopAPI - INFO - Browser client connected to real-time events.
2026-07-14 21:40:27,386 - SmartShopAPI - INFO - Browser client disconnected.
2026-07-14 21:40:27,698 - SmartShopAPI - INFO - Browser client connected to real-time events.
2026-07-14 21:40:31,013 - SmartShopAPI - INFO - Browser client connected to real-time events.
2026-07-14 21:41:05,365 - SmartShopAPI - INFO - Browser client disconnected.
2026-07-14 21:41:05,680 - SmartShopAPI - INFO - Browser client connected to real-time events.
2026-07-14 21:41:08,993 - SmartShopAPI - INFO - Browser client connected to real-time events.
2026-07-14 21:42:28,070 - SmartShopAPI - INFO - Browser client disconnected.
2026-07-14 21:42:28,071 - SmartShopAPI - INFO - Browser client disconnected.
2026-07-14 21:42:28,071 - SmartShopAPI - INFO - Browser client disconnected.
2026-07-14 21:42:28,072 - SmartShopAPI - INFO - Browser client disconnected.
2026-07-14 21:42:46,065 - SmartShopAPI - INFO - Browser client connected to real-time events.
2026-07-14 21:42:49,991 - SmartShopAPI - INFO - Browser client connected to real-time events.
2026-07-14 21:44:44,817 - SmartShopAPI - INFO - Browser client disconnected.
2026-07-14 21:44:44,818 - SmartShopAPI - INFO - Browser client disconnected.
2026-07-14 21:44:45,408 - SmartShopAPI - INFO - Browser client connected to real-time events.
2026-07-14 21:44:48,405 - SmartShopAPI - INFO - Browser client connected to real-time events.
2026-07-14 22:01:24,208 - SmartShopAPI - INFO - Browser client disconnected.
2026-07-14 22:01:24,209 - SmartShopAPI - INFO - Browser client disconnected.
2026-07-14 22:01:24,767 - SmartShopAPI - INFO - Browser client connected to real-time events.
2026-07-14 22:01:27,768 - SmartShopAPI - INFO - Browser client connected to real-time events.
2026-07-14 22:26:31,690 - SmartShopAPI - INFO - Browser client disconnected.
2026-07-14 22:26:31,691 - SmartShopAPI - INFO - Browser client disconnected.
2026-07-16 11:24:40,466 - SmartShopAPI - INFO - Starting scheduled daily automated loan reminders scan...
2026-07-16 11:24:40,502 - SmartShopAPI - INFO - Daily automated scan finished. Queued 0 reminders.
2026-07-16 11:25:00,188 - SmartShopAPI - INFO - Browser client connected to real-time events.
2026-07-16 11:25:03,208 - SmartShopAPI - INFO - Browser client connected to real-time events.
2026-07-16 11:25:49,008 - SmartShopAPI - INFO - Browser client disconnected.
2026-07-16 11:25:49,009 - SmartShopAPI - INFO - Browser client disconnected.
2026-07-17 11:35:30,699 - SmartShopAPI - INFO - Starting scheduled daily automated loan reminders scan...
2026-07-17 11:35:30,739 - SmartShopAPI - INFO - Daily automated scan finished. Queued 0 reminders.
2026-07-17 11:38:48,694 - SmartShopAPI - INFO - Starting scheduled daily automated loan reminders scan...
2026-07-17 11:38:48,695 - SmartShopAPI - INFO - Daily automated scan finished. Queued 0 reminders.
